exports[`utils dockerCmd should add custom flags 1`] = `"docker run FLAGS --workdir CACHEDIR --volume CACHEDIR:CACHEDIR --volume PROJECTDIR:PROJECTDIR kevinvz/lanyon:LANYONVERSION CMD"`;
